Archive member included to satisfy reference by file (symbol)

../lib/library_5670.a(button.o)
                              mode_selection.o (Button::Button(unsigned char volatile*, unsigned char volatile*, unsigned char))
../lib/library_5670.a(led.o)  instruction.o (LED::LED(unsigned char volatile*, unsigned char volatile*, unsigned char, unsigned char))
../lib/library_5670.a(memoire_24.o)
                              main.o (Memoire24CXXX::~Memoire24CXXX())
../lib/library_5670.a(motor.o)
                              execution.o (Motor::Motor())
../lib/library_5670.a(sensor.o)
                              execution.o (LineSensor::LineSensor())
../lib/library_5670.a(sound.o)
                              execution.o (Sound::Sound())
../lib/library_5670.a(timer.o)
                              ../lib/library_5670.a(sound.o) (Timer::startTimer0forSound(unsigned char, unsigned char))
../lib/library_5670.a(uart.o)
                              bytecode_interpreter.o (Uart::Uart())
../lib/library_5670.a(can.o)  ../lib/library_5670.a(sensor.o) (can::can())
/opt/homebrew/Cellar/avr-gcc@14/14.3.0/lib/avr-gcc/14/gcc/avr/14.3.0/avr5/libgcc.a(_udivmodqi4.o)
                              report.o (__udivmodqi4)
/opt/homebrew/Cellar/avr-gcc@14/14.3.0/lib/avr-gcc/14/gcc/avr/14.3.0/avr5/libgcc.a(_udivmodsi4.o)
                              ../lib/library_5670.a(sensor.o) (__udivmodsi4)
/opt/homebrew/Cellar/avr-gcc@14/14.3.0/lib/avr-gcc/14/gcc/avr/14.3.0/avr5/libgcc.a(_exit.o)
                              /opt/homebrew/Cellar/avr-gcc@14/14.3.0/lib/avr-gcc/14/gcc/avr/14.3.0/../../../../../../avr/lib/avr5/crtatmega324pa.o (exit)
/opt/homebrew/Cellar/avr-gcc@14/14.3.0/lib/avr-gcc/14/gcc/avr/14.3.0/avr5/libgcc.a(_copy_data.o)
                              report.o (__do_copy_data)
/opt/homebrew/Cellar/avr-gcc@14/14.3.0/lib/avr-gcc/14/gcc/avr/14.3.0/avr5/libgcc.a(_clear_bss.o)
                              navigation.o (__do_clear_bss)
/opt/homebrew/Cellar/avr-gcc@14/14.3.0/lib/avr-gcc/14/gcc/avr/14.3.0/avr5/libgcc.a(_ctors.o)
                              ../lib/library_5670.a(sensor.o) (__do_global_ctors)
/opt/homebrew/Cellar/avr-gcc@14/14.3.0/lib/avr-gcc/14/gcc/avr/14.3.0/avr5/libgcc.a(_dtors.o)
                              ../lib/library_5670.a(sensor.o) (__do_global_dtors)
/opt/homebrew/Cellar/avr-gcc@14/14.3.0/lib/avr-gcc/14/gcc/avr/14.3.0/avr5/libgcc.a(_tablejump2.o)
                              /opt/homebrew/Cellar/avr-gcc@14/14.3.0/lib/avr-gcc/14/gcc/avr/14.3.0/avr5/libgcc.a(_ctors.o) (__tablejump2__)

There are no discarded input sections

Memory Configuration

Name             Origin             Length             Attributes
text             0x00000000         0x00008000         xr
data             0x00800100         0x00000800         rw!x
eeprom           0x00810000         0x00000400         rw!x
fuse             0x00820000         0x00000003         rw!x
lock             0x00830000         0x00000400         rw!x
signature        0x00840000         0x00000400         rw!x
user_signatures  0x00850000         0x00000400         rw!x
*default*        0x00000000         0xffffffff

Linker script and memory map

Address of section .data set to 0x800100
LOAD /opt/homebrew/Cellar/avr-gcc@14/14.3.0/lib/avr-gcc/14/gcc/avr/14.3.0/../../../../../../avr/lib/avr5/crtatmega324pa.o
LOAD bytecode_interpreter.o
LOAD execution.o
LOAD instruction.o
LOAD main.o
LOAD mode_selection.o
LOAD navigation.o
LOAD report.o
LOAD /opt/homebrew/Cellar/avr-gcc@14/14.3.0/lib/avr-gcc/14/gcc/avr/14.3.0/../../../../../../avr/lib/avr5/libm.a
LOAD ../lib/library_5670.a
START GROUP
LOAD /opt/homebrew/Cellar/avr-gcc@14/14.3.0/lib/avr-gcc/14/gcc/avr/14.3.0/avr5/libgcc.a
LOAD /opt/homebrew/Cellar/avr-gcc@14/14.3.0/lib/avr-gcc/14/gcc/avr/14.3.0/../../../../../../avr/lib/avr5/libm.a
LOAD /opt/homebrew/Cellar/avr-gcc@14/14.3.0/lib/avr-gcc/14/gcc/avr/14.3.0/../../../../../../avr/lib/avr5/libc.a
LOAD /opt/homebrew/Cellar/avr-gcc@14/14.3.0/lib/avr-gcc/14/gcc/avr/14.3.0/../../../../../../avr/lib/avr5/libatmega324pa.a
END GROUP
                [0x00000000]                      __TEXT_REGION_ORIGIN__ = DEFINED (__TEXT_REGION_ORIGIN__)?__TEXT_REGION_ORIGIN__:0x0
                [0x00008000]                      __TEXT_REGION_LENGTH__ = DEFINED (__TEXT_REGION_LENGTH__)?__TEXT_REGION_LENGTH__:0x20000
                [0x00800100]                      __DATA_REGION_ORIGIN__ = DEFINED (__DATA_REGION_ORIGIN__)?__DATA_REGION_ORIGIN__:0x800060
                [0x00000800]                      __DATA_REGION_LENGTH__ = DEFINED (__DATA_REGION_LENGTH__)?__DATA_REGION_LENGTH__:0xffa0
                [0x00000400]                      __EEPROM_REGION_LENGTH__ = DEFINED (__EEPROM_REGION_LENGTH__)?__EEPROM_REGION_LENGTH__:0x10000
                [0x00000003]                      __FUSE_REGION_LENGTH__ = DEFINED (__FUSE_REGION_LENGTH__)?__FUSE_REGION_LENGTH__:0x400
                0x00000400                        __LOCK_REGION_LENGTH__ = DEFINED (__LOCK_REGION_LENGTH__)?__LOCK_REGION_LENGTH__:0x400
                0x00000400                        __SIGNATURE_REGION_LENGTH__ = DEFINED (__SIGNATURE_REGION_LENGTH__)?__SIGNATURE_REGION_LENGTH__:0x400
                0x00000400                        __USER_SIGNATURE_REGION_LENGTH__ = DEFINED (__USER_SIGNATURE_REGION_LENGTH__)?__USER_SIGNATURE_REGION_LENGTH__:0x400

.hash
 *(.hash)

.dynsym
 *(.dynsym)

.dynstr
 *(.dynstr)

.gnu.version
 *(.gnu.version)

.gnu.version_d
 *(.gnu.version_d)

.gnu.version_r
 *(.gnu.version_r)

.rel.init
 *(.rel.init)

.rela.init
 *(.rela.init)

.rel.text
 *(.rel.text)
 *(.rel.text.*)
 *(.rel.gnu.linkonce.t*)

.rela.text
 *(.rela.text)
 *(.rela.text.*)
 *(.rela.gnu.linkonce.t*)

.rel.fini
 *(.rel.fini)

.rela.fini
 *(.rela.fini)

.rel.rodata
 *(.rel.rodata)
 *(.rel.rodata.*)
 *(.rel.gnu.linkonce.r*)

.rela.rodata
 *(.rela.rodata)
 *(.rela.rodata.*)
 *(.rela.gnu.linkonce.r*)

.rel.data
 *(.rel.data)
 *(.rel.data.*)
 *(.rel.gnu.linkonce.d*)

.rela.data
 *(.rela.data)
 *(.rela.data.*)
 *(.rela.gnu.linkonce.d*)

.rel.ctors
 *(.rel.ctors)

.rela.ctors
 *(.rela.ctors)

.rel.dtors
 *(.rel.dtors)

.rela.dtors
 *(.rela.dtors)

.rel.got
 *(.rel.got)

.rela.got
 *(.rela.got)

.rel.bss
 *(.rel.bss)

.rela.bss
 *(.rela.bss)

.rel.plt
 *(.rel.plt)

.rela.plt
 *(.rela.plt)

.text           0x00000000     0x20f2
 *(.vectors)
 .vectors       0x00000000       0x7c /opt/homebrew/Cellar/avr-gcc@14/14.3.0/lib/avr-gcc/14/gcc/avr/14.3.0/../../../../../../avr/lib/avr5/crtatmega324pa.o
                0x00000000                __vectors
                0x00000000                __vector_default
 *(.vectors)
                0x0000007c                        __progmem_start = .
 *(.progmem)
 *(.progmem.*)
                0x0000007c                        __progmem_end = .
                0x00000001                        ASSERT (((__progmem_start == __progmem_end) || (__progmem_end <= 0x10000)), .progmem section exceeds 0x10000)
                0x0000007c                        . = ALIGN (0x2)
                0x0000007c                        __trampolines_start = .
 *(.trampolines)
 .trampolines   0x0000007c        0x0 linker stubs
 *(.trampolines*)
                0x0000007c                        __trampolines_end = .
                0x0000007c                        . = ALIGN (0x2)
 *(.lowtext)
 *(.lowtext*)
                0x0000007c                        __ctors_start = .
 *(.ctors)
 .ctors         0x0000007c        0x2 ../lib/library_5670.a(sensor.o)
                0x0000007e                        __ctors_end = .
                0x0000007e                        __dtors_start = .
 *(.dtors)
 .dtors         0x0000007e        0x2 ../lib/library_5670.a(sensor.o)
                0x00000080                        __dtors_end = .
 SORT_BY_NAME(*)(.ctors)
 SORT_BY_NAME(*)(.dtors)
 *(.init0)
 .init0         0x00000080        0x0 /opt/homebrew/Cellar/avr-gcc@14/14.3.0/lib/avr-gcc/14/gcc/avr/14.3.0/../../../../../../avr/lib/avr5/crtatmega324pa.o
                0x00000080                __init
 *(.init0)
 *(.init1)
 *(.init1)
 *(.init2)
 .init2         0x00000080        0xc /opt/homebrew/Cellar/avr-gcc@14/14.3.0/lib/avr-gcc/14/gcc/avr/14.3.0/../../../../../../avr/lib/avr5/crtatmega324pa.o
 *(.init2)
 *(.init3)
 *(.init3)
 *(.init4)
 .init4         0x0000008c       0x16 /opt/homebrew/Cellar/avr-gcc@14/14.3.0/lib/avr-gcc/14/gcc/avr/14.3.0/avr5/libgcc.a(_copy_data.o)
                0x0000008c                __do_copy_data
 .init4         0x000000a2       0x10 /opt/homebrew/Cellar/avr-gcc@14/14.3.0/lib/avr-gcc/14/gcc/avr/14.3.0/avr5/libgcc.a(_clear_bss.o)
                0x000000a2                __do_clear_bss
 *(.init4)
 *(.init5)
 *(.init5)
 *(.init6)
 .init6         0x000000b2       0x16 /opt/homebrew/Cellar/avr-gcc@14/14.3.0/lib/avr-gcc/14/gcc/avr/14.3.0/avr5/libgcc.a(_ctors.o)
                0x000000b2                __do_global_ctors
 *(.init6)
 *(.init7)
 *(.init7)
 *(.init8)
 *(.init8)
 *(.init9)
 .init9         0x000000c8        0x8 /opt/homebrew/Cellar/avr-gcc@14/14.3.0/lib/avr-gcc/14/gcc/avr/14.3.0/../../../../../../avr/lib/avr5/crtatmega324pa.o
 *(.init9)
 *(.text)
 .text          0x000000d0        0x4 /opt/homebrew/Cellar/avr-gcc@14/14.3.0/lib/avr-gcc/14/gcc/avr/14.3.0/../../../../../../avr/lib/avr5/crtatmega324pa.o
                0x000000d0                __vector_20
                0x000000d0                __vector_28
                0x000000d0                __vector_1
                0x000000d0                __vector_24
                0x000000d0                __vector_12
                0x000000d0                __bad_interrupt
                0x000000d0                __vector_6
                0x000000d0                __vector_3
                0x000000d0                __vector_23
                0x000000d0                __vector_30
                0x000000d0                __vector_25
                0x000000d0                __vector_11
                0x000000d0                __vector_13
                0x000000d0                __vector_17
                0x000000d0                __vector_19
                0x000000d0                __vector_7
                0x000000d0                __vector_27
                0x000000d0                __vector_5
                0x000000d0                __vector_4
                0x000000d0                __vector_2
                0x000000d0                __vector_21
                0x000000d0                __vector_15
                0x000000d0                __vector_29
                0x000000d0                __vector_8
                0x000000d0                __vector_26
                0x000000d0                __vector_14
                0x000000d0                __vector_10
                0x000000d0                __vector_16
                0x000000d0                __vector_18
                0x000000d0                __vector_22
 .text          0x000000d4      0x442 bytecode_interpreter.o
                0x000000d4                delayMultipleOf25Ms(unsigned char)
                0x000000ec                BytecodeInterpreter::BytecodeInterpreter()
                0x000000ec                BytecodeInterpreter::BytecodeInterpreter()
                0x0000010c                BytecodeInterpreter::readProgramSize()
                0x0000012e                BytecodeInterpreter::readInstructions(unsigned char*, unsigned char*)
                0x00000176                BytecodeInterpreter::fillInstructionData(unsigned char const*, unsigned char const*)
                0x000001b0                BytecodeInterpreter::parseInstructions()
                0x00000226                BytecodeInterpreter::saveToMemory()
                0x000002b8                BytecodeInterpreter::instructionSet()
                0x0000030c                BytecodeInterpreter::loadFromMemory()
                0x00000398                BytecodeInterpreter::saveReport(ReportData const&)
                0x0000044c                BytecodeInterpreter::loadReport()
 .text          0x00000516      0x332 execution.o
                0x00000516                Execution::Execution()
                0x00000516                Execution::Execution()
                0x0000056e                Execution::isInStorageRoom(unsigned char)
                0x0000057a                Execution::isInWestCorridor()
                0x00000594                Execution::storeCorridorData(unsigned char)
                0x000005b4                Execution::storeRoomData(unsigned char, unsigned char)
                0x000005ec                Execution::runRoute(Navigation&)
                0x00000750                Execution::playExecutionMode()
 .text          0x00000848      0x1c8 instruction.o
                0x00000848                Instruction::Instruction()
                0x00000848                Instruction::Instruction()
                0x00000884                Instruction::playStartUpSequence()
                0x000008a6                Instruction::receiveInstructions()
                0x000008c2                Instruction::playMidiNotes()
                0x0000092a                Instruction::blinkAmber()
                0x00000976                Instruction::ledOn()
                0x000009ac                Instruction::instructionConfirmation()
                0x000009f0                Instruction::playInstructionMode()
 .text          0x00000a10        0x0 main.o
 .text          0x00000a10      0x13c mode_selection.o
                0x00000a10                ModeSelector::ModeSelector()
                0x00000a10                ModeSelector::ModeSelector()
                0x00000a40                ModeSelector::waitForButtonDuring()
                0x00000a76                ModeSelector::checkModeGreen()
                0x00000abc                ModeSelector::checkModeRed()
                0x00000b02                ModeSelector::selectMode()
 .text          0x00000b4c      0x8ea navigation.o
                0x00000b4c                __vector_9
                0x00000b70                Navigation::Navigation(Motor&, Sound&, InstructionData&, LineSensor&, DistanceSensor&, Instruction&)
                0x00000b70                Navigation::Navigation(Motor&, Sound&, InstructionData&, LineSensor&, DistanceSensor&, Instruction&)
                0x00000c06                Navigation::playAlertSequence()
                0x00000c70                Navigation::flashGreen()
                0x00000c7a                Navigation::isAtIntersection()
                0x00000c84                Navigation::isInParkingArea()
                0x00000c90                Navigation::isAtRoomEntrance()
                0x00000cf8                Navigation::followOutsideWall()
                0x00000d24                Navigation::followInsideWall()
                0x00000d78                Navigation::turn90DegreesFollowingDirection()
                0x00000d94                Navigation::reverse90DegreesFollowingDirection()
                0x00000db0                Navigation::turnFollowingDirection()
                0x00000dfe                Navigation::turnOppositeDirection()
                0x00000e4c                Navigation::turnIntersectionOuterWall()
                0x00000ebe                Navigation::turnIntersectionInnerWall()
                0x00000f62                Navigation::crossParkingSpots()
                0x00000fe0                Navigation::ajustParking()
                0x00001024                Navigation::executionModeCompleted()
                0x00001064                Navigation::exitEvacuationRoom()
                0x0000109e                Navigation::exitStorageRoom()
                0x000010ce                Navigation::exitParking()
                0x00001100                Navigation::inspectCorridor()
                0x000011b8                Navigation::enterRoom()
                0x000012a4                Navigation::evacuateRoom()
                0x00001314                Navigation::inspectStorageRoom()
                0x00001416                Navigation::enterParking()
 .text          0x00001436      0x25c report.o
                0x00001436                Report::Report()
                0x00001436                Report::Report()
                0x00001472                Report::signalStart()
                0x00001494                Report::readFromEeprom()
                0x000014b2                Report::writeString(char const*)
                0x000014da                Report::writeNumber(unsigned char)
                0x00001516                Report::writeNewline()
                0x00001532                Report::writeLine(char const*, unsigned char, char const*, char const*)
                0x000015a0                Report::sendReport()
                0x00001672                Report::run()
 .text          0x00001692       0x56 ../lib/library_5670.a(button.o)
                0x00001692                Button::Button(unsigned char volatile*, unsigned char volatile*, unsigned char)
                0x00001692                Button::Button(unsigned char volatile*, unsigned char volatile*, unsigned char)
                0x000016b8                Button::isPressed()
 .text          0x000016e8      0x134 ../lib/library_5670.a(led.o)
                0x000016e8                LED::LED(unsigned char volatile*, unsigned char volatile*, unsigned char, unsigned char)
                0x000016e8                LED::LED(unsigned char volatile*, unsigned char volatile*, unsigned char, unsigned char)
                0x00001720                LED::off()
                0x00001732                LED::greenOn()
                0x00001750                LED::redOn()
                0x0000176e                LED::amberOn()
                0x000017a0                LED::delayMultipleOf25Ms(unsigned char)
                0x000017b8                LED::blinkGreen(unsigned char)
                0x000017ea                LED::blinkRed(unsigned char)
 .text          0x0000181c      0x35e ../lib/library_5670.a(memoire_24.o)
                0x0000181c                Memoire24CXXX::~Memoire24CXXX()
                0x0000181c                Memoire24CXXX::~Memoire24CXXX()
                0x0000181e                Memoire24CXXX::init()
                0x00001830                Memoire24CXXX::Memoire24CXXX()
                0x00001830                Memoire24CXXX::Memoire24CXXX()
                0x0000183c                Memoire24CXXX::choisir_banc(unsigned char)
                0x0000184e                Memoire24CXXX::lecture(unsigned int, unsigned char*)
                0x00001910                Memoire24CXXX::lecture(unsigned int, unsigned char*, unsigned char)
                0x000019da                Memoire24CXXX::ecriture(unsigned int, unsigned char)
                0x00001a6a                Memoire24CXXX::ecrire_page(unsigned int, unsigned char*, unsigned char)
                0x00001b34                Memoire24CXXX::ecriture(unsigned int, unsigned char*, unsigned char)
 .text          0x00001b7a      0x1c6 ../lib/library_5670.a(motor.o)
                0x00001b7a                Motor::Motor()
                0x00001b7a                Motor::Motor()
                0x00001b9a                Motor::leftWheelForward(unsigned char)
                0x00001bae                Motor::rightWheelForward(unsigned char)
                0x00001bc2                Motor::moveForward(unsigned char)
                0x00001be2                Motor::leftWheelBackward(unsigned char)
                0x00001bf4                Motor::rightWheelBackward(unsigned char)
                0x00001c06                Motor::moveBackward(unsigned char)
                0x00001c26                Motor::stopLeftWheel()
                0x00001c2c                Motor::stopRightWheel()
                0x00001c32                Motor::turnLeft(unsigned char, unsigned char)
                0x00001c54                Motor::turnRight(unsigned char, unsigned char)
                0x00001c74                Motor::stop()
                0x00001c8c                Motor::turnLeft90Degrees()
                0x00001cd6                Motor::turnRight90Degrees()
                0x00001d20                Motor::testMoveForward(unsigned char, unsigned char)
 .text          0x00001d40      0x120 ../lib/library_5670.a(sensor.o)
                0x00001d40                LineSensor::LineSensor()
                0x00001d40                LineSensor::LineSensor()
                0x00001d64                LineSensor::isOnBlackLine(unsigned char)
                0x00001d72                LineSensor::isAllOnBlackLine()
                0x00001dac                DistanceSensor::DistanceSensor()
                0x00001dac                DistanceSensor::DistanceSensor()
                0x00001dbc                DistanceSensor::readRawValue()
                0x00001dd2                DistanceSensor::detect(unsigned char, unsigned char)
                0x00001e4c                DistanceSensor::convertToDistance(unsigned int)
 .text          0x00001e60       0x54 ../lib/library_5670.a(sound.o)
                0x00001e60                Sound::Sound()
                0x00001e60                Sound::Sound()
                0x00001e74                Sound::play(unsigned char)
                0x00001e98                Sound::stop()
 .text          0x00001eb4       0x94 ../lib/library_5670.a(timer.o)
                0x00001eb4                Timer::startTimer0forSound(unsigned char, unsigned char)
                0x00001ec4                Timer::stopTimer0forSound()
                0x00001ece                Timer::initializePwmTimer1()
                0x00001ee0                Timer::adjustPwmLeftWheel(unsigned char)
                0x00001eec                Timer::adjustPwmRightWheel(unsigned char)
                0x00001ef8                Timer::stopPwmLeftWheel()
                0x00001f02                Timer::stopPwmRightWheel()
                0x00001f0c                Timer::startTimer2()
                0x00001f38                Timer::stopTimer2()
 .text          0x00001f48       0x38 ../lib/library_5670.a(uart.o)
                0x00001f48                Uart::Uart()
                0x00001f48                Uart::Uart()
                0x00001f64                Uart::writeUart(unsigned char)
                0x00001f72                Uart::readUart()
 .text          0x00001f80       0x58 ../lib/library_5670.a(can.o)
                0x00001f80                can::can()
                0x00001f80                can::can()
                0x00001f8c                can::~can()
                0x00001f8c                can::~can()
                0x00001f92                can::lecture(unsigned char)
 .text          0x00001fd8        0x0 /opt/homebrew/Cellar/avr-gcc@14/14.3.0/lib/avr-gcc/14/gcc/avr/14.3.0/avr5/libgcc.a(_udivmodqi4.o)
 .text          0x00001fd8        0x0 /opt/homebrew/Cellar/avr-gcc@14/14.3.0/lib/avr-gcc/14/gcc/avr/14.3.0/avr5/libgcc.a(_udivmodsi4.o)
 .text          0x00001fd8        0x0 /opt/homebrew/Cellar/avr-gcc@14/14.3.0/lib/avr-gcc/14/gcc/avr/14.3.0/avr5/libgcc.a(_exit.o)
 .text          0x00001fd8        0x0 /opt/homebrew/Cellar/avr-gcc@14/14.3.0/lib/avr-gcc/14/gcc/avr/14.3.0/avr5/libgcc.a(_copy_data.o)
 .text          0x00001fd8        0x0 /opt/homebrew/Cellar/avr-gcc@14/14.3.0/lib/avr-gcc/14/gcc/avr/14.3.0/avr5/libgcc.a(_clear_bss.o)
 .text          0x00001fd8        0x0 /opt/homebrew/Cellar/avr-gcc@14/14.3.0/lib/avr-gcc/14/gcc/avr/14.3.0/avr5/libgcc.a(_ctors.o)
 .text          0x00001fd8        0x0 /opt/homebrew/Cellar/avr-gcc@14/14.3.0/lib/avr-gcc/14/gcc/avr/14.3.0/avr5/libgcc.a(_dtors.o)
 .text          0x00001fd8        0x0 /opt/homebrew/Cellar/avr-gcc@14/14.3.0/lib/avr-gcc/14/gcc/avr/14.3.0/avr5/libgcc.a(_tablejump2.o)
                0x00001fd8                        . = ALIGN (0x2)
 *(.text.*)
 .text.startup  0x00001fd8       0x88 main.o
                0x00001fd8                main
 .text.startup  0x00002060        0x8 ../lib/library_5670.a(sensor.o)
 .text.exit     0x00002068        0x8 ../lib/library_5670.a(sensor.o)
 .text.libgcc.mul
                0x00002070        0x0 /opt/homebrew/Cellar/avr-gcc@14/14.3.0/lib/avr-gcc/14/gcc/avr/14.3.0/avr5/libgcc.a(_udivmodqi4.o)
 .text.libgcc.div
                0x00002070       0x18 /opt/homebrew/Cellar/avr-gcc@14/14.3.0/lib/avr-gcc/14/gcc/avr/14.3.0/avr5/libgcc.a(_udivmodqi4.o)
                0x00002070                __udivmodqi4
 .text.libgcc   0x00002088        0x0 /opt/homebrew/Cellar/avr-gcc@14/14.3.0/lib/avr-gcc/14/gcc/avr/14.3.0/avr5/libgcc.a(_udivmodqi4.o)
 .text.libgcc.prologue
                0x00002088        0x0 /opt/homebrew/Cellar/avr-gcc@14/14.3.0/lib/avr-gcc/14/gcc/avr/14.3.0/avr5/libgcc.a(_udivmodqi4.o)
 .text.libgcc.builtins
                0x00002088        0x0 /opt/homebrew/Cellar/avr-gcc@14/14.3.0/lib/avr-gcc/14/gcc/avr/14.3.0/avr5/libgcc.a(_udivmodqi4.o)
 .text.libgcc.fmul
                0x00002088        0x0 /opt/homebrew/Cellar/avr-gcc@14/14.3.0/lib/avr-gcc/14/gcc/avr/14.3.0/avr5/libgcc.a(_udivmodqi4.o)
 .text.libgcc.fixed
                0x00002088        0x0 /opt/homebrew/Cellar/avr-gcc@14/14.3.0/lib/avr-gcc/14/gcc/avr/14.3.0/avr5/libgcc.a(_udivmodqi4.o)
 .text.libgcc.mul
                0x00002088        0x0 /opt/homebrew/Cellar/avr-gcc@14/14.3.0/lib/avr-gcc/14/gcc/avr/14.3.0/avr5/libgcc.a(_udivmodsi4.o)
 .text.libgcc.div
                0x00002088       0x44 /opt/homebrew/Cellar/avr-gcc@14/14.3.0/lib/avr-gcc/14/gcc/avr/14.3.0/avr5/libgcc.a(_udivmodsi4.o)
                0x00002088                __udivmodsi4
 .text.libgcc   0x000020cc        0x0 /opt/homebrew/Cellar/avr-gcc@14/14.3.0/lib/avr-gcc/14/gcc/avr/14.3.0/avr5/libgcc.a(_udivmodsi4.o)
 .text.libgcc.prologue
                0x000020cc        0x0 /opt/homebrew/Cellar/avr-gcc@14/14.3.0/lib/avr-gcc/14/gcc/avr/14.3.0/avr5/libgcc.a(_udivmodsi4.o)
 .text.libgcc.builtins
                0x000020cc        0x0 /opt/homebrew/Cellar/avr-gcc@14/14.3.0/lib/avr-gcc/14/gcc/avr/14.3.0/avr5/libgcc.a(_udivmodsi4.o)
 .text.libgcc.fmul
                0x000020cc        0x0 /opt/homebrew/Cellar/avr-gcc@14/14.3.0/lib/avr-gcc/14/gcc/avr/14.3.0/avr5/libgcc.a(_udivmodsi4.o)
 .text.libgcc.fixed
                0x000020cc        0x0 /opt/homebrew/Cellar/avr-gcc@14/14.3.0/lib/avr-gcc/14/gcc/avr/14.3.0/avr5/libgcc.a(_udivmodsi4.o)
 .text.libgcc.mul
                0x000020cc        0x0 /opt/homebrew/Cellar/avr-gcc@14/14.3.0/lib/avr-gcc/14/gcc/avr/14.3.0/avr5/libgcc.a(_exit.o)
 .text.libgcc.div
                0x000020cc        0x0 /opt/homebrew/Cellar/avr-gcc@14/14.3.0/lib/avr-gcc/14/gcc/avr/14.3.0/avr5/libgcc.a(_exit.o)
 .text.libgcc   0x000020cc        0x0 /opt/homebrew/Cellar/avr-gcc@14/14.3.0/lib/avr-gcc/14/gcc/avr/14.3.0/avr5/libgcc.a(_exit.o)
 .text.libgcc.prologue
                0x000020cc        0x0 /opt/homebrew/Cellar/avr-gcc@14/14.3.0/lib/avr-gcc/14/gcc/avr/14.3.0/avr5/libgcc.a(_exit.o)
 .text.libgcc.builtins
                0x000020cc        0x0 /opt/homebrew/Cellar/avr-gcc@14/14.3.0/lib/avr-gcc/14/gcc/avr/14.3.0/avr5/libgcc.a(_exit.o)
 .text.libgcc.fmul
                0x000020cc        0x0 /opt/homebrew/Cellar/avr-gcc@14/14.3.0/lib/avr-gcc/14/gcc/avr/14.3.0/avr5/libgcc.a(_exit.o)
 .text.libgcc.fixed
                0x000020cc        0x0 /opt/homebrew/Cellar/avr-gcc@14/14.3.0/lib/avr-gcc/14/gcc/avr/14.3.0/avr5/libgcc.a(_exit.o)
 .text.libgcc.mul
                0x000020cc        0x0 /opt/homebrew/Cellar/avr-gcc@14/14.3.0/lib/avr-gcc/14/gcc/avr/14.3.0/avr5/libgcc.a(_copy_data.o)
 .text.libgcc.div
                0x000020cc        0x0 /opt/homebrew/Cellar/avr-gcc@14/14.3.0/lib/avr-gcc/14/gcc/avr/14.3.0/avr5/libgcc.a(_copy_data.o)
 .text.libgcc   0x000020cc        0x0 /opt/homebrew/Cellar/avr-gcc@14/14.3.0/lib/avr-gcc/14/gcc/avr/14.3.0/avr5/libgcc.a(_copy_data.o)
 .text.libgcc.prologue
                0x000020cc        0x0 /opt/homebrew/Cellar/avr-gcc@14/14.3.0/lib/avr-gcc/14/gcc/avr/14.3.0/avr5/libgcc.a(_copy_data.o)
 .text.libgcc.builtins
                0x000020cc        0x0 /opt/homebrew/Cellar/avr-gcc@14/14.3.0/lib/avr-gcc/14/gcc/avr/14.3.0/avr5/libgcc.a(_copy_data.o)
 .text.libgcc.fmul
                0x000020cc        0x0 /opt/homebrew/Cellar/avr-gcc@14/14.3.0/lib/avr-gcc/14/gcc/avr/14.3.0/avr5/libgcc.a(_copy_data.o)
 .text.libgcc.fixed
                0x000020cc        0x0 /opt/homebrew/Cellar/avr-gcc@14/14.3.0/lib/avr-gcc/14/gcc/avr/14.3.0/avr5/libgcc.a(_copy_data.o)
 .text.libgcc.mul
                0x000020cc        0x0 /opt/homebrew/Cellar/avr-gcc@14/14.3.0/lib/avr-gcc/14/gcc/avr/14.3.0/avr5/libgcc.a(_clear_bss.o)
 .text.libgcc.div
                0x000020cc        0x0 /opt/homebrew/Cellar/avr-gcc@14/14.3.0/lib/avr-gcc/14/gcc/avr/14.3.0/avr5/libgcc.a(_clear_bss.o)
 .text.libgcc   0x000020cc        0x0 /opt/homebrew/Cellar/avr-gcc@14/14.3.0/lib/avr-gcc/14/gcc/avr/14.3.0/avr5/libgcc.a(_clear_bss.o)
 .text.libgcc.prologue
                0x000020cc        0x0 /opt/homebrew/Cellar/avr-gcc@14/14.3.0/lib/avr-gcc/14/gcc/avr/14.3.0/avr5/libgcc.a(_clear_bss.o)
 .text.libgcc.builtins
                0x000020cc        0x0 /opt/homebrew/Cellar/avr-gcc@14/14.3.0/lib/avr-gcc/14/gcc/avr/14.3.0/avr5/libgcc.a(_clear_bss.o)
 .text.libgcc.fmul
                0x000020cc        0x0 /opt/homebrew/Cellar/avr-gcc@14/14.3.0/lib/avr-gcc/14/gcc/avr/14.3.0/avr5/libgcc.a(_clear_bss.o)
 .text.libgcc.fixed
                0x000020cc        0x0 /opt/homebrew/Cellar/avr-gcc@14/14.3.0/lib/avr-gcc/14/gcc/avr/14.3.0/avr5/libgcc.a(_clear_bss.o)
 .text.libgcc.mul
                0x000020cc        0x0 /opt/homebrew/Cellar/avr-gcc@14/14.3.0/lib/avr-gcc/14/gcc/avr/14.3.0/avr5/libgcc.a(_ctors.o)
 .text.libgcc.div
                0x000020cc        0x0 /opt/homebrew/Cellar/avr-gcc@14/14.3.0/lib/avr-gcc/14/gcc/avr/14.3.0/avr5/libgcc.a(_ctors.o)
 .text.libgcc   0x000020cc        0x0 /opt/homebrew/Cellar/avr-gcc@14/14.3.0/lib/avr-gcc/14/gcc/avr/14.3.0/avr5/libgcc.a(_ctors.o)
 .text.libgcc.prologue
                0x000020cc        0x0 /opt/homebrew/Cellar/avr-gcc@14/14.3.0/lib/avr-gcc/14/gcc/avr/14.3.0/avr5/libgcc.a(_ctors.o)
 .text.libgcc.builtins
                0x000020cc        0x0 /opt/homebrew/Cellar/avr-gcc@14/14.3.0/lib/avr-gcc/14/gcc/avr/14.3.0/avr5/libgcc.a(_ctors.o)
 .text.libgcc.fmul
                0x000020cc        0x0 /opt/homebrew/Cellar/avr-gcc@14/14.3.0/lib/avr-gcc/14/gcc/avr/14.3.0/avr5/libgcc.a(_ctors.o)
 .text.libgcc.fixed
                0x000020cc        0x0 /opt/homebrew/Cellar/avr-gcc@14/14.3.0/lib/avr-gcc/14/gcc/avr/14.3.0/avr5/libgcc.a(_ctors.o)
 .text.libgcc.mul
                0x000020cc        0x0 /opt/homebrew/Cellar/avr-gcc@14/14.3.0/lib/avr-gcc/14/gcc/avr/14.3.0/avr5/libgcc.a(_dtors.o)
 .text.libgcc.div
                0x000020cc        0x0 /opt/homebrew/Cellar/avr-gcc@14/14.3.0/lib/avr-gcc/14/gcc/avr/14.3.0/avr5/libgcc.a(_dtors.o)
 .text.libgcc   0x000020cc        0x0 /opt/homebrew/Cellar/avr-gcc@14/14.3.0/lib/avr-gcc/14/gcc/avr/14.3.0/avr5/libgcc.a(_dtors.o)
 .text.libgcc.prologue
                0x000020cc        0x0 /opt/homebrew/Cellar/avr-gcc@14/14.3.0/lib/avr-gcc/14/gcc/avr/14.3.0/avr5/libgcc.a(_dtors.o)
 .text.libgcc.builtins
                0x000020cc        0x0 /opt/homebrew/Cellar/avr-gcc@14/14.3.0/lib/avr-gcc/14/gcc/avr/14.3.0/avr5/libgcc.a(_dtors.o)
 .text.libgcc.fmul
                0x000020cc        0x0 /opt/homebrew/Cellar/avr-gcc@14/14.3.0/lib/avr-gcc/14/gcc/avr/14.3.0/avr5/libgcc.a(_dtors.o)
 .text.libgcc.fixed
                0x000020cc        0x0 /opt/homebrew/Cellar/avr-gcc@14/14.3.0/lib/avr-gcc/14/gcc/avr/14.3.0/avr5/libgcc.a(_dtors.o)
 .text.libgcc.mul
                0x000020cc        0x0 /opt/homebrew/Cellar/avr-gcc@14/14.3.0/lib/avr-gcc/14/gcc/avr/14.3.0/avr5/libgcc.a(_tablejump2.o)
 .text.libgcc.div
                0x000020cc        0x0 /opt/homebrew/Cellar/avr-gcc@14/14.3.0/lib/avr-gcc/14/gcc/avr/14.3.0/avr5/libgcc.a(_tablejump2.o)
 .text.libgcc   0x000020cc        0xc /opt/homebrew/Cellar/avr-gcc@14/14.3.0/lib/avr-gcc/14/gcc/avr/14.3.0/avr5/libgcc.a(_tablejump2.o)
                0x000020cc                __tablejump2__
 .text.libgcc.prologue
                0x000020d8        0x0 /opt/homebrew/Cellar/avr-gcc@14/14.3.0/lib/avr-gcc/14/gcc/avr/14.3.0/avr5/libgcc.a(_tablejump2.o)
 .text.libgcc.builtins
                0x000020d8        0x0 /opt/homebrew/Cellar/avr-gcc@14/14.3.0/lib/avr-gcc/14/gcc/avr/14.3.0/avr5/libgcc.a(_tablejump2.o)
 .text.libgcc.fmul
                0x000020d8        0x0 /opt/homebrew/Cellar/avr-gcc@14/14.3.0/lib/avr-gcc/14/gcc/avr/14.3.0/avr5/libgcc.a(_tablejump2.o)
 .text.libgcc.fixed
                0x000020d8        0x0 /opt/homebrew/Cellar/avr-gcc@14/14.3.0/lib/avr-gcc/14/gcc/avr/14.3.0/avr5/libgcc.a(_tablejump2.o)
                0x000020d8                        . = ALIGN (0x2)
 *(.fini9)
 .fini9         0x000020d8        0x0 /opt/homebrew/Cellar/avr-gcc@14/14.3.0/lib/avr-gcc/14/gcc/avr/14.3.0/avr5/libgcc.a(_exit.o)
                0x000020d8                exit
                0x000020d8                _exit
 *(.fini9)
 *(.fini8)
 *(.fini8)
 *(.fini7)
 *(.fini7)
 *(.fini6)
 .fini6         0x000020d8       0x16 /opt/homebrew/Cellar/avr-gcc@14/14.3.0/lib/avr-gcc/14/gcc/avr/14.3.0/avr5/libgcc.a(_dtors.o)
                0x000020d8                __do_global_dtors
 *(.fini6)
 *(.fini5)
 *(.fini5)
 *(.fini4)
 *(.fini4)
 *(.fini3)
 *(.fini3)
 *(.fini2)
 *(.fini2)
 *(.fini1)
 *(.fini1)
 *(.fini0)
 .fini0         0x000020ee        0x4 /opt/homebrew/Cellar/avr-gcc@14/14.3.0/lib/avr-gcc/14/gcc/avr/14.3.0/avr5/libgcc.a(_exit.o)
 *(.fini0)
 *(.hightext)
 *(.hightext*)
 *(.progmemx)
 *(.progmemx.*)
                0x000020f2                        . = ALIGN (0x2)
 *(.jumptables)
 *(.jumptables*)
                0x000020f2                        _etext = .

.data           0x00800100      0x160 load address 0x000020f2
                0x00800100                        PROVIDE (__data_start = .)
 *(.data)
 .data          0x00800100        0x0 /opt/homebrew/Cellar/avr-gcc@14/14.3.0/lib/avr-gcc/14/gcc/avr/14.3.0/../../../../../../avr/lib/avr5/crtatmega324pa.o
 .data          0x00800100        0x0 bytecode_interpreter.o
 .data          0x00800100        0x0 execution.o
 .data          0x00800100        0x0 instruction.o
 .data          0x00800100        0x0 main.o
 .data          0x00800100        0x0 mode_selection.o
 .data          0x00800100        0x0 navigation.o
 .data          0x00800100        0x0 report.o
 .data          0x00800100        0x0 ../lib/library_5670.a(button.o)
 .data          0x00800100        0x0 ../lib/library_5670.a(led.o)
 .data          0x00800100        0x1 ../lib/library_5670.a(memoire_24.o)
                0x00800100                Memoire24CXXX::m_adresse_peripherique
 .data          0x00800101        0x0 ../lib/library_5670.a(motor.o)
 .data          0x00800101        0x0 ../lib/library_5670.a(sensor.o)
 .data          0x00800101        0x0 ../lib/library_5670.a(sound.o)
 .data          0x00800101        0x0 ../lib/library_5670.a(timer.o)
 .data          0x00800101        0x0 ../lib/library_5670.a(uart.o)
 .data          0x00800101        0x0 ../lib/library_5670.a(can.o)
 .data          0x00800101        0x0 /opt/homebrew/Cellar/avr-gcc@14/14.3.0/lib/avr-gcc/14/gcc/avr/14.3.0/avr5/libgcc.a(_udivmodqi4.o)
 .data          0x00800101        0x0 /opt/homebrew/Cellar/avr-gcc@14/14.3.0/lib/avr-gcc/14/gcc/avr/14.3.0/avr5/libgcc.a(_udivmodsi4.o)
 .data          0x00800101        0x0 /opt/homebrew/Cellar/avr-gcc@14/14.3.0/lib/avr-gcc/14/gcc/avr/14.3.0/avr5/libgcc.a(_exit.o)
 .data          0x00800101        0x0 /opt/homebrew/Cellar/avr-gcc@14/14.3.0/lib/avr-gcc/14/gcc/avr/14.3.0/avr5/libgcc.a(_copy_data.o)
 .data          0x00800101        0x0 /opt/homebrew/Cellar/avr-gcc@14/14.3.0/lib/avr-gcc/14/gcc/avr/14.3.0/avr5/libgcc.a(_clear_bss.o)
 .data          0x00800101        0x0 /opt/homebrew/Cellar/avr-gcc@14/14.3.0/lib/avr-gcc/14/gcc/avr/14.3.0/avr5/libgcc.a(_ctors.o)
 .data          0x00800101        0x0 /opt/homebrew/Cellar/avr-gcc@14/14.3.0/lib/avr-gcc/14/gcc/avr/14.3.0/avr5/libgcc.a(_dtors.o)
 .data          0x00800101        0x0 /opt/homebrew/Cellar/avr-gcc@14/14.3.0/lib/avr-gcc/14/gcc/avr/14.3.0/avr5/libgcc.a(_tablejump2.o)
 *(.data*)
 *(.gnu.linkonce.d*)
 *(.rodata)
 .rodata        0x00800101       0x25 ../lib/library_5670.a(sound.o)
                0x00800101                Sound::ocrValues
 *(.rodata*)
 .rodata.str1.1
                0x00800126      0x139 report.o
                                0x13b (size before relaxing)
 *(.gnu.linkonce.r*)
                0x00800260                        . = ALIGN (0x2)
 *fill*         0x0080025f        0x1 
                0x00800260                        _edata = .
                0x00800260                        PROVIDE (__data_end = .)

.bss            0x00800260        0x3
                0x00800260                        PROVIDE (__bss_start = .)
 *(.bss)
 .bss           0x00800260        0x0 /opt/homebrew/Cellar/avr-gcc@14/14.3.0/lib/avr-gcc/14/gcc/avr/14.3.0/../../../../../../avr/lib/avr5/crtatmega324pa.o
 .bss           0x00800260        0x0 bytecode_interpreter.o
 .bss           0x00800260        0x0 execution.o
 .bss           0x00800260        0x0 instruction.o
 .bss           0x00800260        0x0 main.o
 .bss           0x00800260        0x0 mode_selection.o
 .bss           0x00800260        0x2 navigation.o
                0x00800260                g_isInRoomEntrance
 .bss           0x00800262        0x0 report.o
 .bss           0x00800262        0x0 ../lib/library_5670.a(button.o)
 .bss           0x00800262        0x0 ../lib/library_5670.a(led.o)
 .bss           0x00800262        0x0 ../lib/library_5670.a(memoire_24.o)
 .bss           0x00800262        0x0 ../lib/library_5670.a(motor.o)
 .bss           0x00800262        0x1 ../lib/library_5670.a(sensor.o)
                0x00800262                DistanceSensor::adc_
 .bss           0x00800263        0x0 ../lib/library_5670.a(sound.o)
 .bss           0x00800263        0x0 ../lib/library_5670.a(timer.o)
 .bss           0x00800263        0x0 ../lib/library_5670.a(uart.o)
 .bss           0x00800263        0x0 ../lib/library_5670.a(can.o)
 .bss           0x00800263        0x0 /opt/homebrew/Cellar/avr-gcc@14/14.3.0/lib/avr-gcc/14/gcc/avr/14.3.0/avr5/libgcc.a(_udivmodqi4.o)
 .bss           0x00800263        0x0 /opt/homebrew/Cellar/avr-gcc@14/14.3.0/lib/avr-gcc/14/gcc/avr/14.3.0/avr5/libgcc.a(_udivmodsi4.o)
 .bss           0x00800263        0x0 /opt/homebrew/Cellar/avr-gcc@14/14.3.0/lib/avr-gcc/14/gcc/avr/14.3.0/avr5/libgcc.a(_exit.o)
 .bss           0x00800263        0x0 /opt/homebrew/Cellar/avr-gcc@14/14.3.0/lib/avr-gcc/14/gcc/avr/14.3.0/avr5/libgcc.a(_copy_data.o)
 .bss           0x00800263        0x0 /opt/homebrew/Cellar/avr-gcc@14/14.3.0/lib/avr-gcc/14/gcc/avr/14.3.0/avr5/libgcc.a(_clear_bss.o)
 .bss           0x00800263        0x0 /opt/homebrew/Cellar/avr-gcc@14/14.3.0/lib/avr-gcc/14/gcc/avr/14.3.0/avr5/libgcc.a(_ctors.o)
 .bss           0x00800263        0x0 /opt/homebrew/Cellar/avr-gcc@14/14.3.0/lib/avr-gcc/14/gcc/avr/14.3.0/avr5/libgcc.a(_dtors.o)
 .bss           0x00800263        0x0 /opt/homebrew/Cellar/avr-gcc@14/14.3.0/lib/avr-gcc/14/gcc/avr/14.3.0/avr5/libgcc.a(_tablejump2.o)
 *(.bss*)
 *(COMMON)
                0x00800263                        PROVIDE (__bss_end = .)
                0x000020f2                        __data_load_start = LOADADDR (.data)
                0x00002252                        __data_load_end = (__data_load_start + SIZEOF (.data))

.noinit         0x00800263        0x0
                [!provide]                        PROVIDE (__noinit_start = .)
 *(.noinit .noinit.* .gnu.linkonce.n.*)
                [!provide]                        PROVIDE (__noinit_end = .)
                0x00800263                        _end = .
                [!provide]                        PROVIDE (__heap_start = .)
                0x00000000                        __flmap_init_label = DEFINED (__flmap_noinit_start)?__flmap_noinit_start:0x0
                0x00000000                        __flmap = DEFINED (__flmap)?__flmap:0x0

.eeprom         0x00810000        0x0
 *(.eeprom*)
                0x00810000                        __eeprom_end = .

.fuse
 *(.fuse)
 *(.lfuse)
 *(.hfuse)
 *(.efuse)

.lock
 *(.lock*)

.signature
 *(.signature*)

.stab
 *(.stab)

.stabstr
 *(.stabstr)

.stab.excl
 *(.stab.excl)

.stab.exclstr
 *(.stab.exclstr)

.stab.index
 *(.stab.index)

.stab.indexstr
 *(.stab.indexstr)

.comment        0x00000000       0x26
 *(.comment)
 .comment       0x00000000       0x26 bytecode_interpreter.o
                                 0x27 (size before relaxing)
 .comment       0x00000026        0x0 execution.o
                                 0x27 (size before relaxing)
 .comment       0x00000026        0x0 instruction.o
                                 0x27 (size before relaxing)
 .comment       0x00000026        0x0 main.o
                                 0x27 (size before relaxing)
 .comment       0x00000026        0x0 mode_selection.o
                                 0x27 (size before relaxing)
 .comment       0x00000026        0x0 navigation.o
                                 0x27 (size before relaxing)
 .comment       0x00000026        0x0 report.o
                                 0x27 (size before relaxing)
 .comment       0x00000026        0x0 ../lib/library_5670.a(button.o)
                                 0x27 (size before relaxing)
 .comment       0x00000026        0x0 ../lib/library_5670.a(led.o)
                                 0x27 (size before relaxing)
 .comment       0x00000026        0x0 ../lib/library_5670.a(memoire_24.o)
                                 0x27 (size before relaxing)
 .comment       0x00000026        0x0 ../lib/library_5670.a(motor.o)
                                 0x27 (size before relaxing)
 .comment       0x00000026        0x0 ../lib/library_5670.a(sensor.o)
                                 0x27 (size before relaxing)
 .comment       0x00000026        0x0 ../lib/library_5670.a(sound.o)
                                 0x27 (size before relaxing)
 .comment       0x00000026        0x0 ../lib/library_5670.a(timer.o)
                                 0x27 (size before relaxing)
 .comment       0x00000026        0x0 ../lib/library_5670.a(uart.o)
                                 0x27 (size before relaxing)
 .comment       0x00000026        0x0 ../lib/library_5670.a(can.o)
                                 0x27 (size before relaxing)

.note.gnu.avr.deviceinfo
                0x00000000       0x40
 .note.gnu.avr.deviceinfo
                0x00000000       0x40 /opt/homebrew/Cellar/avr-gcc@14/14.3.0/lib/avr-gcc/14/gcc/avr/14.3.0/../../../../../../avr/lib/avr5/crtatmega324pa.o

.gnu.build.attributes
 *(.gnu.build.attributes .gnu.build.attributes.*)

.note.gnu.build-id
 *(.note.gnu.build-id)

.debug
 *(.debug)

.line
 *(.line)

.debug_srcinfo
 *(.debug_srcinfo)

.debug_sfnames
 *(.debug_sfnames)

.debug_aranges  0x00000000      0x310
 *(.debug_aranges)
 .debug_aranges
                0x00000000       0x20 bytecode_interpreter.o
 .debug_aranges
                0x00000020       0x20 execution.o
 .debug_aranges
                0x00000040       0x20 instruction.o
 .debug_aranges
                0x00000060       0x20 main.o
 .debug_aranges
                0x00000080       0x20 mode_selection.o
 .debug_aranges
                0x000000a0       0x20 navigation.o
 .debug_aranges
                0x000000c0       0x20 report.o
 .debug_aranges
                0x000000e0       0x20 ../lib/library_5670.a(button.o)
 .debug_aranges
                0x00000100       0x20 ../lib/library_5670.a(led.o)
 .debug_aranges
                0x00000120       0x20 ../lib/library_5670.a(memoire_24.o)
 .debug_aranges
                0x00000140       0x20 ../lib/library_5670.a(motor.o)
 .debug_aranges
                0x00000160       0x30 ../lib/library_5670.a(sensor.o)
 .debug_aranges
                0x00000190       0x20 ../lib/library_5670.a(sound.o)
 .debug_aranges
                0x000001b0       0x20 ../lib/library_5670.a(timer.o)
 .debug_aranges
                0x000001d0       0x20 ../lib/library_5670.a(uart.o)
 .debug_aranges
                0x000001f0       0x20 ../lib/library_5670.a(can.o)
 .debug_aranges
                0x00000210       0x20 /opt/homebrew/Cellar/avr-gcc@14/14.3.0/lib/avr-gcc/14/gcc/avr/14.3.0/avr5/libgcc.a(_udivmodqi4.o)
 .debug_aranges
                0x00000230       0x20 /opt/homebrew/Cellar/avr-gcc@14/14.3.0/lib/avr-gcc/14/gcc/avr/14.3.0/avr5/libgcc.a(_udivmodsi4.o)
 .debug_aranges
                0x00000250       0x20 /opt/homebrew/Cellar/avr-gcc@14/14.3.0/lib/avr-gcc/14/gcc/avr/14.3.0/avr5/libgcc.a(_exit.o)
 .debug_aranges
                0x00000270       0x20 /opt/homebrew/Cellar/avr-gcc@14/14.3.0/lib/avr-gcc/14/gcc/avr/14.3.0/avr5/libgcc.a(_copy_data.o)
 .debug_aranges
                0x00000290       0x20 /opt/homebrew/Cellar/avr-gcc@14/14.3.0/lib/avr-gcc/14/gcc/avr/14.3.0/avr5/libgcc.a(_clear_bss.o)
 .debug_aranges
                0x000002b0       0x20 /opt/homebrew/Cellar/avr-gcc@14/14.3.0/lib/avr-gcc/14/gcc/avr/14.3.0/avr5/libgcc.a(_ctors.o)
 .debug_aranges
                0x000002d0       0x20 /opt/homebrew/Cellar/avr-gcc@14/14.3.0/lib/avr-gcc/14/gcc/avr/14.3.0/avr5/libgcc.a(_dtors.o)
 .debug_aranges
                0x000002f0       0x20 /opt/homebrew/Cellar/avr-gcc@14/14.3.0/lib/avr-gcc/14/gcc/avr/14.3.0/avr5/libgcc.a(_tablejump2.o)

.debug_pubnames
 *(.debug_pubnames)

.debug_info     0x00000000     0xd5e7
 *(.debug_info .gnu.linkonce.wi.*)
 .debug_info    0x00000000      0x6cc /opt/homebrew/Cellar/avr-gcc@14/14.3.0/lib/avr-gcc/14/gcc/avr/14.3.0/../../../../../../avr/lib/avr5/crtatmega324pa.o
 .debug_info    0x000006cc     0x118b bytecode_interpreter.o
 .debug_info    0x00001857     0x1f32 execution.o
 .debug_info    0x00003789     0x110b instruction.o
 .debug_info    0x00004894     0x1d75 main.o
 .debug_info    0x00006609      0x7b2 mode_selection.o
 .debug_info    0x00006dbb     0x2a9f navigation.o
 .debug_info    0x0000985a     0x1145 report.o
 .debug_info    0x0000a99f      0x24f ../lib/library_5670.a(button.o)
 .debug_info    0x0000abee      0x594 ../lib/library_5670.a(led.o)
 .debug_info    0x0000b182      0x5fc ../lib/library_5670.a(memoire_24.o)
 .debug_info    0x0000b77e      0xc90 ../lib/library_5670.a(motor.o)
 .debug_info    0x0000c40e      0x6df ../lib/library_5670.a(sensor.o)
 .debug_info    0x0000caed      0x35f ../lib/library_5670.a(sound.o)
 .debug_info    0x0000ce4c      0x330 ../lib/library_5670.a(timer.o)
 .debug_info    0x0000d17c      0x180 ../lib/library_5670.a(uart.o)
 .debug_info    0x0000d2fc      0x1cb ../lib/library_5670.a(can.o)
 .debug_info    0x0000d4c7       0x24 /opt/homebrew/Cellar/avr-gcc@14/14.3.0/lib/avr-gcc/14/gcc/avr/14.3.0/avr5/libgcc.a(_udivmodqi4.o)
 .debug_info    0x0000d4eb       0x24 /opt/homebrew/Cellar/avr-gcc@14/14.3.0/lib/avr-gcc/14/gcc/avr/14.3.0/avr5/libgcc.a(_udivmodsi4.o)
 .debug_info    0x0000d50f       0x24 /opt/homebrew/Cellar/avr-gcc@14/14.3.0/lib/avr-gcc/14/gcc/avr/14.3.0/avr5/libgcc.a(_exit.o)
 .debug_info    0x0000d533       0x24 /opt/homebrew/Cellar/avr-gcc@14/14.3.0/lib/avr-gcc/14/gcc/avr/14.3.0/avr5/libgcc.a(_copy_data.o)
 .debug_info    0x0000d557       0x24 /opt/homebrew/Cellar/avr-gcc@14/14.3.0/lib/avr-gcc/14/gcc/avr/14.3.0/avr5/libgcc.a(_clear_bss.o)
 .debug_info    0x0000d57b       0x24 /opt/homebrew/Cellar/avr-gcc@14/14.3.0/lib/avr-gcc/14/gcc/avr/14.3.0/avr5/libgcc.a(_ctors.o)
 .debug_info    0x0000d59f       0x24 /opt/homebrew/Cellar/avr-gcc@14/14.3.0/lib/avr-gcc/14/gcc/avr/14.3.0/avr5/libgcc.a(_dtors.o)
 .debug_info    0x0000d5c3       0x24 /opt/homebrew/Cellar/avr-gcc@14/14.3.0/lib/avr-gcc/14/gcc/avr/14.3.0/avr5/libgcc.a(_tablejump2.o)

.debug_abbrev   0x00000000     0x3284
 *(.debug_abbrev)
 .debug_abbrev  0x00000000      0x66e /opt/homebrew/Cellar/avr-gcc@14/14.3.0/lib/avr-gcc/14/gcc/avr/14.3.0/../../../../../../avr/lib/avr5/crtatmega324pa.o
 .debug_abbrev  0x0000066e      0x34b bytecode_interpreter.o
 .debug_abbrev  0x000009b9      0x440 execution.o
 .debug_abbrev  0x00000df9      0x39f instruction.o
 .debug_abbrev  0x00001198      0x37a main.o
 .debug_abbrev  0x00001512      0x2c7 mode_selection.o
 .debug_abbrev  0x000017d9      0x4a6 navigation.o
 .debug_abbrev  0x00001c7f      0x368 report.o
 .debug_abbrev  0x00001fe7      0x1b6 ../lib/library_5670.a(button.o)
 .debug_abbrev  0x0000219d      0x217 ../lib/library_5670.a(led.o)
 .debug_abbrev  0x000023b4      0x2e4 ../lib/library_5670.a(memoire_24.o)
 .debug_abbrev  0x00002698      0x281 ../lib/library_5670.a(motor.o)
 .debug_abbrev  0x00002919      0x35f ../lib/library_5670.a(sensor.o)
 .debug_abbrev  0x00002c78      0x1c5 ../lib/library_5670.a(sound.o)
 .debug_abbrev  0x00002e3d      0x11a ../lib/library_5670.a(timer.o)
 .debug_abbrev  0x00002f57      0x119 ../lib/library_5670.a(uart.o)
 .debug_abbrev  0x00003070      0x174 ../lib/library_5670.a(can.o)
 .debug_abbrev  0x000031e4       0x14 /opt/homebrew/Cellar/avr-gcc@14/14.3.0/lib/avr-gcc/14/gcc/avr/14.3.0/avr5/libgcc.a(_udivmodqi4.o)
 .debug_abbrev  0x000031f8       0x14 /opt/homebrew/Cellar/avr-gcc@14/14.3.0/lib/avr-gcc/14/gcc/avr/14.3.0/avr5/libgcc.a(_udivmodsi4.o)
 .debug_abbrev  0x0000320c       0x14 /opt/homebrew/Cellar/avr-gcc@14/14.3.0/lib/avr-gcc/14/gcc/avr/14.3.0/avr5/libgcc.a(_exit.o)
 .debug_abbrev  0x00003220       0x14 /opt/homebrew/Cellar/avr-gcc@14/14.3.0/lib/avr-gcc/14/gcc/avr/14.3.0/avr5/libgcc.a(_copy_data.o)
 .debug_abbrev  0x00003234       0x14 /opt/homebrew/Cellar/avr-gcc@14/14.3.0/lib/avr-gcc/14/gcc/avr/14.3.0/avr5/libgcc.a(_clear_bss.o)
 .debug_abbrev  0x00003248       0x14 /opt/homebrew/Cellar/avr-gcc@14/14.3.0/lib/avr-gcc/14/gcc/avr/14.3.0/avr5/libgcc.a(_ctors.o)
 .debug_abbrev  0x0000325c       0x14 /opt/homebrew/Cellar/avr-gcc@14/14.3.0/lib/avr-gcc/14/gcc/avr/14.3.0/avr5/libgcc.a(_dtors.o)
 .debug_abbrev  0x00003270       0x14 /opt/homebrew/Cellar/avr-gcc@14/14.3.0/lib/avr-gcc/14/gcc/avr/14.3.0/avr5/libgcc.a(_tablejump2.o)

.debug_line     0x00000000     0x6910
 *(.debug_line .debug_line.* .debug_line_end)
 .debug_line    0x00000000       0x1d /opt/homebrew/Cellar/avr-gcc@14/14.3.0/lib/avr-gcc/14/gcc/avr/14.3.0/../../../../../../avr/lib/avr5/crtatmega324pa.o
 .debug_line    0x0000001d      0xa1d bytecode_interpreter.o
 .debug_line    0x00000a3a      0x817 execution.o
 .debug_line    0x00001251      0x5db instruction.o
 .debug_line    0x0000182c      0x1c2 main.o
 .debug_line    0x000019ee      0x43a mode_selection.o
 .debug_line    0x00001e28     0x1bea navigation.o
 .debug_line    0x00003a12      0x524 report.o
 .debug_line    0x00003f36      0x178 ../lib/library_5670.a(button.o)
 .debug_line    0x000040ae      0x452 ../lib/library_5670.a(led.o)
 .debug_line    0x00004500      0xe8a ../lib/library_5670.a(memoire_24.o)
 .debug_line    0x0000538a      0x66e ../lib/library_5670.a(motor.o)
 .debug_line    0x000059f8      0x3cf ../lib/library_5670.a(sensor.o)
 .debug_line    0x00005dc7      0x188 ../lib/library_5670.a(sound.o)
 .debug_line    0x00005f4f      0x2b1 ../lib/library_5670.a(timer.o)
 .debug_line    0x00006200      0x147 ../lib/library_5670.a(uart.o)
 .debug_line    0x00006347      0x173 ../lib/library_5670.a(can.o)
 .debug_line    0x000064ba       0x8d /opt/homebrew/Cellar/avr-gcc@14/14.3.0/lib/avr-gcc/14/gcc/avr/14.3.0/avr5/libgcc.a(_udivmodqi4.o)
 .debug_line    0x00006547      0x111 /opt/homebrew/Cellar/avr-gcc@14/14.3.0/lib/avr-gcc/14/gcc/avr/14.3.0/avr5/libgcc.a(_udivmodsi4.o)
 .debug_line    0x00006658       0x51 /opt/homebrew/Cellar/avr-gcc@14/14.3.0/lib/avr-gcc/14/gcc/avr/14.3.0/avr5/libgcc.a(_exit.o)
 .debug_line    0x000066a9       0x87 /opt/homebrew/Cellar/avr-gcc@14/14.3.0/lib/avr-gcc/14/gcc/avr/14.3.0/avr5/libgcc.a(_copy_data.o)
 .debug_line    0x00006730       0x75 /opt/homebrew/Cellar/avr-gcc@14/14.3.0/lib/avr-gcc/14/gcc/avr/14.3.0/avr5/libgcc.a(_clear_bss.o)
 .debug_line    0x000067a5       0x81 /opt/homebrew/Cellar/avr-gcc@14/14.3.0/lib/avr-gcc/14/gcc/avr/14.3.0/avr5/libgcc.a(_ctors.o)
 .debug_line    0x00006826       0x81 /opt/homebrew/Cellar/avr-gcc@14/14.3.0/lib/avr-gcc/14/gcc/avr/14.3.0/avr5/libgcc.a(_dtors.o)
 .debug_line    0x000068a7       0x69 /opt/homebrew/Cellar/avr-gcc@14/14.3.0/lib/avr-gcc/14/gcc/avr/14.3.0/avr5/libgcc.a(_tablejump2.o)

.debug_frame    0x00000000      0xec4
 *(.debug_frame)
 .debug_frame   0x00000000      0x1bc bytecode_interpreter.o
 .debug_frame   0x000001bc      0x10c execution.o
 .debug_frame   0x000002c8      0x114 instruction.o
 .debug_frame   0x000003dc       0x2c main.o
 .debug_frame   0x00000408       0xb4 mode_selection.o
 .debug_frame   0x000004bc      0x324 navigation.o
 .debug_frame   0x000007e0      0x144 report.o
 .debug_frame   0x00000924       0x34 ../lib/library_5670.a(button.o)
 .debug_frame   0x00000958       0xc8 ../lib/library_5670.a(led.o)
 .debug_frame   0x00000a20       0xd4 ../lib/library_5670.a(memoire_24.o)
 .debug_frame   0x00000af4      0x180 ../lib/library_5670.a(motor.o)
 .debug_frame   0x00000c74       0xd4 ../lib/library_5670.a(sensor.o)
 .debug_frame   0x00000d48       0x50 ../lib/library_5670.a(sound.o)
 .debug_frame   0x00000d98       0xa4 ../lib/library_5670.a(timer.o)
 .debug_frame   0x00000e3c       0x44 ../lib/library_5670.a(uart.o)
 .debug_frame   0x00000e80       0x44 ../lib/library_5670.a(can.o)

.debug_str      0x00000000     0x33ff
 *(.debug_str)
 .debug_str     0x00000000      0x255 /opt/homebrew/Cellar/avr-gcc@14/14.3.0/lib/avr-gcc/14/gcc/avr/14.3.0/../../../../../../avr/lib/avr5/crtatmega324pa.o
 .debug_str     0x00000255     0x31aa bytecode_interpreter.o
                                0xc59 (size before relaxing)
 .debug_str     0x000033ff        0x0 execution.o
                               0x27a6 (size before relaxing)
 .debug_str     0x000033ff        0x0 instruction.o
                               0x12ab (size before relaxing)
 .debug_str     0x000033ff        0x0 main.o
                               0x2b1f (size before relaxing)
 .debug_str     0x000033ff        0x0 mode_selection.o
                                0x588 (size before relaxing)
 .debug_str     0x000033ff        0x0 navigation.o
                               0x2595 (size before relaxing)
 .debug_str     0x000033ff        0x0 report.o
                                0xf0c (size before relaxing)
 .debug_str     0x000033ff        0x0 ../lib/library_5670.a(button.o)
                                0x255 (size before relaxing)
 .debug_str     0x000033ff        0x0 ../lib/library_5670.a(led.o)
                                0x2fe (size before relaxing)
 .debug_str     0x000033ff        0x0 ../lib/library_5670.a(memoire_24.o)
                                0x3a1 (size before relaxing)
 .debug_str     0x000033ff        0x0 ../lib/library_5670.a(motor.o)
                                0x877 (size before relaxing)
 .debug_str     0x000033ff        0x0 ../lib/library_5670.a(sensor.o)
                                0x487 (size before relaxing)
 .debug_str     0x000033ff        0x0 ../lib/library_5670.a(sound.o)
                                0x417 (size before relaxing)
 .debug_str     0x000033ff        0x0 ../lib/library_5670.a(timer.o)
                                0x35e (size before relaxing)
 .debug_str     0x000033ff        0x0 ../lib/library_5670.a(uart.o)
                                0x1cd (size before relaxing)
 .debug_str     0x000033ff        0x0 ../lib/library_5670.a(can.o)
                                0x1d6 (size before relaxing)
 .debug_str     0x000033ff        0x0 /opt/homebrew/Cellar/avr-gcc@14/14.3.0/lib/avr-gcc/14/gcc/avr/14.3.0/avr5/libgcc.a(_udivmodqi4.o)
                                 0x87 (size before relaxing)
 .debug_str     0x000033ff        0x0 /opt/homebrew/Cellar/avr-gcc@14/14.3.0/lib/avr-gcc/14/gcc/avr/14.3.0/avr5/libgcc.a(_udivmodsi4.o)
                                 0x87 (size before relaxing)
 .debug_str     0x000033ff        0x0 /opt/homebrew/Cellar/avr-gcc@14/14.3.0/lib/avr-gcc/14/gcc/avr/14.3.0/avr5/libgcc.a(_exit.o)
                                 0x87 (size before relaxing)
 .debug_str     0x000033ff        0x0 /opt/homebrew/Cellar/avr-gcc@14/14.3.0/lib/avr-gcc/14/gcc/avr/14.3.0/avr5/libgcc.a(_copy_data.o)
                                 0x87 (size before relaxing)
 .debug_str     0x000033ff        0x0 /opt/homebrew/Cellar/avr-gcc@14/14.3.0/lib/avr-gcc/14/gcc/avr/14.3.0/avr5/libgcc.a(_clear_bss.o)
                                 0x87 (size before relaxing)
 .debug_str     0x000033ff        0x0 /opt/homebrew/Cellar/avr-gcc@14/14.3.0/lib/avr-gcc/14/gcc/avr/14.3.0/avr5/libgcc.a(_ctors.o)
                                 0x87 (size before relaxing)
 .debug_str     0x000033ff        0x0 /opt/homebrew/Cellar/avr-gcc@14/14.3.0/lib/avr-gcc/14/gcc/avr/14.3.0/avr5/libgcc.a(_dtors.o)
                                 0x87 (size before relaxing)
 .debug_str     0x000033ff        0x0 /opt/homebrew/Cellar/avr-gcc@14/14.3.0/lib/avr-gcc/14/gcc/avr/14.3.0/avr5/libgcc.a(_tablejump2.o)
                                 0x87 (size before relaxing)

.debug_loc
 *(.debug_loc)

.debug_macinfo
 *(.debug_macinfo)

.debug_weaknames
 *(.debug_weaknames)

.debug_funcnames
 *(.debug_funcnames)

.debug_typenames
 *(.debug_typenames)

.debug_varnames
 *(.debug_varnames)

.debug_pubtypes
 *(.debug_pubtypes)

.debug_ranges
 *(.debug_ranges)

.debug_addr
 *(.debug_addr)

.debug_line_str
                0x00000000      0x2b6
 *(.debug_line_str)
 .debug_line_str
                0x00000000      0x2b6 bytecode_interpreter.o
                                0x148 (size before relaxing)
 .debug_line_str
                0x000002b6        0x0 execution.o
                                0x175 (size before relaxing)
 .debug_line_str
                0x000002b6        0x0 instruction.o
                                0x151 (size before relaxing)
 .debug_line_str
                0x000002b6        0x0 main.o
                                0x149 (size before relaxing)
 .debug_line_str
                0x000002b6        0x0 mode_selection.o
                                0x124 (size before relaxing)
 .debug_line_str
                0x000002b6        0x0 navigation.o
                                0x16c (size before relaxing)
 .debug_line_str
                0x000002b6        0x0 report.o
                                0x12d (size before relaxing)
 .debug_line_str
                0x000002b6        0x0 ../lib/library_5670.a(button.o)
                                 0xee (size before relaxing)
 .debug_line_str
                0x000002b6        0x0 ../lib/library_5670.a(led.o)
                                 0xe2 (size before relaxing)
 .debug_line_str
                0x000002b6        0x0 ../lib/library_5670.a(memoire_24.o)
                                 0xbe (size before relaxing)
 .debug_line_str
                0x000002b6        0x0 ../lib/library_5670.a(motor.o)
                                 0xf2 (size before relaxing)
 .debug_line_str
                0x000002b6        0x0 ../lib/library_5670.a(sensor.o)
                                 0xf4 (size before relaxing)
 .debug_line_str
                0x000002b6        0x0 ../lib/library_5670.a(sound.o)
                                 0xb2 (size before relaxing)
 .debug_line_str
                0x000002b6        0x0 ../lib/library_5670.a(timer.o)
                                 0xaa (size before relaxing)
 .debug_line_str
                0x000002b6        0x0 ../lib/library_5670.a(uart.o)
                                 0xa6 (size before relaxing)
 .debug_line_str
                0x000002b6        0x0 ../lib/library_5670.a(can.o)
                                 0xa2 (size before relaxing)
 .debug_line_str
                0x000002b6        0x0 /opt/homebrew/Cellar/avr-gcc@14/14.3.0/lib/avr-gcc/14/gcc/avr/14.3.0/avr5/libgcc.a(_udivmodqi4.o)
                                 0x79 (size before relaxing)
 .debug_line_str
                0x000002b6        0x0 /opt/homebrew/Cellar/avr-gcc@14/14.3.0/lib/avr-gcc/14/gcc/avr/14.3.0/avr5/libgcc.a(_udivmodsi4.o)
                                 0x79 (size before relaxing)
 .debug_line_str
                0x000002b6        0x0 /opt/homebrew/Cellar/avr-gcc@14/14.3.0/lib/avr-gcc/14/gcc/avr/14.3.0/avr5/libgcc.a(_exit.o)
                                 0x79 (size before relaxing)
 .debug_line_str
                0x000002b6        0x0 /opt/homebrew/Cellar/avr-gcc@14/14.3.0/lib/avr-gcc/14/gcc/avr/14.3.0/avr5/libgcc.a(_copy_data.o)
                                 0x79 (size before relaxing)
 .debug_line_str
                0x000002b6        0x0 /opt/homebrew/Cellar/avr-gcc@14/14.3.0/lib/avr-gcc/14/gcc/avr/14.3.0/avr5/libgcc.a(_clear_bss.o)
                                 0x79 (size before relaxing)
 .debug_line_str
                0x000002b6        0x0 /opt/homebrew/Cellar/avr-gcc@14/14.3.0/lib/avr-gcc/14/gcc/avr/14.3.0/avr5/libgcc.a(_ctors.o)
                                 0x79 (size before relaxing)
 .debug_line_str
                0x000002b6        0x0 /opt/homebrew/Cellar/avr-gcc@14/14.3.0/lib/avr-gcc/14/gcc/avr/14.3.0/avr5/libgcc.a(_dtors.o)
                                 0x79 (size before relaxing)
 .debug_line_str
                0x000002b6        0x0 /opt/homebrew/Cellar/avr-gcc@14/14.3.0/lib/avr-gcc/14/gcc/avr/14.3.0/avr5/libgcc.a(_tablejump2.o)
                                 0x79 (size before relaxing)

.debug_loclists
                0x00000000     0x2ec1
 *(.debug_loclists)
 .debug_loclists
                0x00000000      0x4f8 bytecode_interpreter.o
 .debug_loclists
                0x000004f8      0x2e6 execution.o
 .debug_loclists
                0x000007de      0x373 instruction.o
 .debug_loclists
                0x00000b51       0x89 main.o
 .debug_loclists
                0x00000bda      0x1cc mode_selection.o
 .debug_loclists
                0x00000da6      0xe1a navigation.o
 .debug_loclists
                0x00001bc0      0x33d report.o
 .debug_loclists
                0x00001efd       0x96 ../lib/library_5670.a(button.o)
 .debug_loclists
                0x00001f93      0x20a ../lib/library_5670.a(led.o)
 .debug_loclists
                0x0000219d      0x32b ../lib/library_5670.a(memoire_24.o)
 .debug_loclists
                0x000024c8      0x554 ../lib/library_5670.a(motor.o)
 .debug_loclists
                0x00002a1c      0x24a ../lib/library_5670.a(sensor.o)
 .debug_loclists
                0x00002c66       0xe7 ../lib/library_5670.a(sound.o)
 .debug_loclists
                0x00002d4d       0xa2 ../lib/library_5670.a(timer.o)
 .debug_loclists
                0x00002def       0x53 ../lib/library_5670.a(uart.o)
 .debug_loclists
                0x00002e42       0x7f ../lib/library_5670.a(can.o)

.debug_macro
 *(.debug_macro)

.debug_names
 *(.debug_names)

.debug_rnglists
                0x00000000      0x196
 *(.debug_rnglists)
 .debug_rnglists
                0x00000000       0x13 bytecode_interpreter.o
 .debug_rnglists
                0x00000013       0x38 execution.o
 .debug_rnglists
                0x0000004b       0x1e instruction.o
 .debug_rnglists
                0x00000069       0x44 main.o
 .debug_rnglists
                0x000000ad       0x13 mode_selection.o
 .debug_rnglists
                0x000000c0       0x48 navigation.o
 .debug_rnglists
                0x00000108       0x1e report.o
 .debug_rnglists
                0x00000126       0x17 ../lib/library_5670.a(led.o)
 .debug_rnglists
                0x0000013d       0x2d ../lib/library_5670.a(motor.o)
 .debug_rnglists
                0x0000016a       0x2c ../lib/library_5670.a(sensor.o)

.debug_str_offsets
 *(.debug_str_offsets)

.debug_sup
 *(.debug_sup)
OUTPUT(app.elf elf32-avr)
LOAD linker stubs
